// Jest Snapshot v1, https://goo.gl/fbAQLP

exports[`/src/components/warning-sass snapshot-test-1 1`] = `
<div
  className="warning"
>
  Warning!
</div>
`;
