// Jest Snapshot v1, https://goo.gl/fbAQLP

exports[`/src/components/warning/index.test.tsx default 1`] = `
.emotion-0 {
  padding: 100px;
  border-radius: 10px;
  background: red;
  color: white;
  font-weight: 800;
  font-size: 20px;
}

<div
  className="emotion-0"
>
  Warning!
</div>
`;
