// Jest Snapshot v1, https://goo.gl/fbAQLP

exports[`/src/components/warning snapshot-test-1 1`] = `<Base />`;
